// Jest Snapshot v1, https://goo.gl/fbAQLP

exports[`day 8 Part 2 challenge 1`] = `
Array [
  "####.###..####.#..#.###..",
  "...#.#..#....#.#..#.#..#.",
  "..#..#..#...#..#..#.###..",
  ".#...###...#...#..#.#..#.",
  "#....#....#....#..#.#..#.",
  "####.#....####..##..###..",
]
`;

exports[`day 8 Part 2 example 1`] = `
Array [
  ".#",
  "#.",
]
`;
